------------------------------------------------------------
TimeQuest Timing Analyzer Summary
------------------------------------------------------------

Type  : Slow 1200mV 85C Model Setup 'clk_25'
Slack : 17.790
TNS   : 0.000

Type  : Slow 1200mV 85C Model Setup 'clk_50_clk'
Slack : 18.853
TNS   : 0.000

Type  : Slow 1200mV 85C Model Hold 'clk_25'
Slack : 0.353
TNS   : 0.000

Type  : Slow 1200mV 85C Model Hold 'clk_50_clk'
Slack : 0.536
TNS   : 0.000

Type  : Slow 1200mV 85C Model Recovery 'clk_25'
Slack : 32.965
TNS   : 0.000

Type  : Slow 1200mV 85C Model Removal 'clk_25'
Slack : 6.318
TNS   : 0.000

Type  : Slow 1200mV 85C Model Minimum Pulse Width 'clk_50_clk'
Slack : 9.645
TNS   : 0.000

Type  : Slow 1200mV 85C Model Minimum Pulse Width 'clk_25'
Slack : 19.663
TNS   : 0.000

Type  : Slow 1200mV 0C Model Setup 'clk_50_clk'
Slack : 18.985
TNS   : 0.000

Type  : Slow 1200mV 0C Model Setup 'clk_25'
Slack : 19.916
TNS   : 0.000

Type  : Slow 1200mV 0C Model Hold 'clk_25'
Slack : 0.352
TNS   : 0.000

Type  : Slow 1200mV 0C Model Hold 'clk_50_clk'
Slack : 0.457
TNS   : 0.000

Type  : Slow 1200mV 0C Model Recovery 'clk_25'
Slack : 33.558
TNS   : 0.000

Type  : Slow 1200mV 0C Model Removal 'clk_25'
Slack : 5.665
TNS   : 0.000

Type  : Slow 1200mV 0C Model Minimum Pulse Width 'clk_50_clk'
Slack : 9.636
TNS   : 0.000

Type  : Slow 1200mV 0C Model Minimum Pulse Width 'clk_25'
Slack : 19.682
TNS   : 0.000

Type  : Fast 1200mV 0C Model Setup 'clk_50_clk'
Slack : 19.409
TNS   : 0.000

Type  : Fast 1200mV 0C Model Setup 'clk_25'
Slack : 28.670
TNS   : 0.000

Type  : Fast 1200mV 0C Model Hold 'clk_25'
Slack : 0.146
TNS   : 0.000

Type  : Fast 1200mV 0C Model Hold 'clk_50_clk'
Slack : 0.267
TNS   : 0.000

Type  : Fast 1200mV 0C Model Recovery 'clk_25'
Slack : 36.166
TNS   : 0.000

Type  : Fast 1200mV 0C Model Removal 'clk_25'
Slack : 3.212
TNS   : 0.000

Type  : Fast 1200mV 0C Model Minimum Pulse Width 'clk_50_clk'
Slack : 9.285
TNS   : 0.000

Type  : Fast 1200mV 0C Model Minimum Pulse Width 'clk_25'
Slack : 19.705
TNS   : 0.000

------------------------------------------------------------
