------------------------------------------------------------
TimeQuest Timing Analyzer Summary
------------------------------------------------------------

Type  : Slow 1200mV 85C Model Setup 'clk_50_clk'
Slack : 14.275
TNS   : 0.000

Type  : Slow 1200mV 85C Model Setup 'clk_25'
Slack : 19.486
TNS   : 0.000

Type  : Slow 1200mV 85C Model Hold 'clk_25'
Slack : 0.371
TNS   : 0.000

Type  : Slow 1200mV 85C Model Hold 'clk_50_clk'
Slack : 4.992
TNS   : 0.000

Type  : Slow 1200mV 85C Model Recovery 'clk_25'
Slack : 33.277
TNS   : 0.000

Type  : Slow 1200mV 85C Model Removal 'clk_25'
Slack : 5.884
TNS   : 0.000

Type  : Slow 1200mV 85C Model Minimum Pulse Width 'clk_50_clk'
Slack : 9.645
TNS   : 0.000

Type  : Slow 1200mV 85C Model Minimum Pulse Width 'clk_25'
Slack : 19.662
TNS   : 0.000

Type  : Slow 1200mV 0C Model Setup 'clk_50_clk'
Slack : 14.775
TNS   : 0.000

Type  : Slow 1200mV 0C Model Setup 'clk_25'
Slack : 21.051
TNS   : 0.000

Type  : Slow 1200mV 0C Model Hold 'clk_25'
Slack : 0.353
TNS   : 0.000

Type  : Slow 1200mV 0C Model Hold 'clk_50_clk'
Slack : 4.574
TNS   : 0.000

Type  : Slow 1200mV 0C Model Recovery 'clk_25'
Slack : 33.997
TNS   : 0.000

Type  : Slow 1200mV 0C Model Removal 'clk_25'
Slack : 5.370
TNS   : 0.000

Type  : Slow 1200mV 0C Model Minimum Pulse Width 'clk_50_clk'
Slack : 9.636
TNS   : 0.000

Type  : Slow 1200mV 0C Model Minimum Pulse Width 'clk_25'
Slack : 19.679
TNS   : 0.000

Type  : Fast 1200mV 0C Model Setup 'clk_50_clk'
Slack : 17.113
TNS   : 0.000

Type  : Fast 1200mV 0C Model Setup 'clk_25'
Slack : 29.546
TNS   : 0.000

Type  : Fast 1200mV 0C Model Hold 'clk_25'
Slack : 0.157
TNS   : 0.000

Type  : Fast 1200mV 0C Model Hold 'clk_50_clk'
Slack : 2.564
TNS   : 0.000

Type  : Fast 1200mV 0C Model Recovery 'clk_25'
Slack : 36.377
TNS   : 0.000

Type  : Fast 1200mV 0C Model Removal 'clk_25'
Slack : 2.978
TNS   : 0.000

Type  : Fast 1200mV 0C Model Minimum Pulse Width 'clk_50_clk'
Slack : 9.285
TNS   : 0.000

Type  : Fast 1200mV 0C Model Minimum Pulse Width 'clk_25'
Slack : 19.706
TNS   : 0.000

------------------------------------------------------------
