------------------------------------------------------------
TimeQuest Timing Analyzer Summary
------------------------------------------------------------

Type  : Slow 1200mV 85C Model Setup 'clk_25'
Slack : 5.395
TNS   : 0.000

Type  : Slow 1200mV 85C Model Setup 'clk_50_clk'
Slack : 18.853
TNS   : 0.000

Type  : Slow 1200mV 85C Model Setup 'key_c_int'
Slack : 47.795
TNS   : 0.000

Type  : Slow 1200mV 85C Model Setup 's_r'
Slack : 97.489
TNS   : 0.000

Type  : Slow 1200mV 85C Model Hold 'clk_25'
Slack : 0.364
TNS   : 0.000

Type  : Slow 1200mV 85C Model Hold 'key_c_int'
Slack : 0.402
TNS   : 0.000

Type  : Slow 1200mV 85C Model Hold 's_r'
Slack : 0.443
TNS   : 0.000

Type  : Slow 1200mV 85C Model Hold 'clk_50_clk'
Slack : 0.536
TNS   : 0.000

Type  : Slow 1200mV 85C Model Recovery 'r_s'
Slack : 16.640
TNS   : 0.000

Type  : Slow 1200mV 85C Model Recovery 'clk_25'
Slack : 31.295
TNS   : 0.000

Type  : Slow 1200mV 85C Model Removal 'r_s'
Slack : 2.855
TNS   : 0.000

Type  : Slow 1200mV 85C Model Removal 'clk_25'
Slack : 7.479
TNS   : 0.000

Type  : Slow 1200mV 85C Model Minimum Pulse Width 'clk_50_clk'
Slack : 9.645
TNS   : 0.000

Type  : Slow 1200mV 85C Model Minimum Pulse Width 'clk_25'
Slack : 19.661
TNS   : 0.000

Type  : Slow 1200mV 85C Model Minimum Pulse Width 's_r'
Slack : 49.758
TNS   : 0.000

Type  : Slow 1200mV 85C Model Minimum Pulse Width 'key_c_int'
Slack : 49.777
TNS   : 0.000

Type  : Slow 1200mV 85C Model Minimum Pulse Width 'r_s'
Slack : 49.793
TNS   : 0.000

Type  : Slow 1200mV 85C Model Minimum Pulse Width 'kb_c'
Slack : 96.000
TNS   : 0.000

Type  : Slow 1200mV 0C Model Setup 'clk_25'
Slack : 5.939
TNS   : 0.000

Type  : Slow 1200mV 0C Model Setup 'clk_50_clk'
Slack : 18.985
TNS   : 0.000

Type  : Slow 1200mV 0C Model Setup 'key_c_int'
Slack : 47.999
TNS   : 0.000

Type  : Slow 1200mV 0C Model Setup 's_r'
Slack : 97.726
TNS   : 0.000

Type  : Slow 1200mV 0C Model Hold 'clk_25'
Slack : 0.353
TNS   : 0.000

Type  : Slow 1200mV 0C Model Hold 'key_c_int'
Slack : 0.354
TNS   : 0.000

Type  : Slow 1200mV 0C Model Hold 's_r'
Slack : 0.408
TNS   : 0.000

Type  : Slow 1200mV 0C Model Hold 'clk_50_clk'
Slack : 0.457
TNS   : 0.000

Type  : Slow 1200mV 0C Model Recovery 'r_s'
Slack : 17.014
TNS   : 0.000

Type  : Slow 1200mV 0C Model Recovery 'clk_25'
Slack : 31.983
TNS   : 0.000

Type  : Slow 1200mV 0C Model Removal 'r_s'
Slack : 2.550
TNS   : 0.000

Type  : Slow 1200mV 0C Model Removal 'clk_25'
Slack : 6.682
TNS   : 0.000

Type  : Slow 1200mV 0C Model Minimum Pulse Width 'clk_50_clk'
Slack : 9.636
TNS   : 0.000

Type  : Slow 1200mV 0C Model Minimum Pulse Width 'clk_25'
Slack : 19.679
TNS   : 0.000

Type  : Slow 1200mV 0C Model Minimum Pulse Width 's_r'
Slack : 49.737
TNS   : 0.000

Type  : Slow 1200mV 0C Model Minimum Pulse Width 'key_c_int'
Slack : 49.759
TNS   : 0.000

Type  : Slow 1200mV 0C Model Minimum Pulse Width 'r_s'
Slack : 49.775
TNS   : 0.000

Type  : Slow 1200mV 0C Model Minimum Pulse Width 'kb_c'
Slack : 96.000
TNS   : 0.000

Type  : Fast 1200mV 0C Model Setup 'clk_25'
Slack : 7.130
TNS   : 0.000

Type  : Fast 1200mV 0C Model Setup 'clk_50_clk'
Slack : 19.409
TNS   : 0.000

Type  : Fast 1200mV 0C Model Setup 'key_c_int'
Slack : 48.618
TNS   : 0.000

Type  : Fast 1200mV 0C Model Setup 's_r'
Slack : 98.637
TNS   : 0.000

Type  : Fast 1200mV 0C Model Hold 'clk_25'
Slack : 0.145
TNS   : 0.000

Type  : Fast 1200mV 0C Model Hold 'key_c_int'
Slack : 0.180
TNS   : 0.000

Type  : Fast 1200mV 0C Model Hold 's_r'
Slack : 0.195
TNS   : 0.000

Type  : Fast 1200mV 0C Model Hold 'clk_50_clk'
Slack : 0.267
TNS   : 0.000

Type  : Fast 1200mV 0C Model Recovery 'r_s'
Slack : 18.214
TNS   : 0.000

Type  : Fast 1200mV 0C Model Recovery 'clk_25'
Slack : 35.300
TNS   : 0.000

Type  : Fast 1200mV 0C Model Removal 'r_s'
Slack : 1.501
TNS   : 0.000

Type  : Fast 1200mV 0C Model Removal 'clk_25'
Slack : 3.734
TNS   : 0.000

Type  : Fast 1200mV 0C Model Minimum Pulse Width 'clk_50_clk'
Slack : 9.285
TNS   : 0.000

Type  : Fast 1200mV 0C Model Minimum Pulse Width 'clk_25'
Slack : 19.705
TNS   : 0.000

Type  : Fast 1200mV 0C Model Minimum Pulse Width 'key_c_int'
Slack : 49.758
TNS   : 0.000

Type  : Fast 1200mV 0C Model Minimum Pulse Width 's_r'
Slack : 49.772
TNS   : 0.000

Type  : Fast 1200mV 0C Model Minimum Pulse Width 'r_s'
Slack : 49.773
TNS   : 0.000

Type  : Fast 1200mV 0C Model Minimum Pulse Width 'kb_c'
Slack : 96.000
TNS   : 0.000

------------------------------------------------------------
