------------------------------------------------------------
TimeQuest Timing Analyzer Summary
------------------------------------------------------------

Type  : Slow 1200mV 85C Model Setup 'clk_50_port'
Slack : 18.200
TNS   : 0.000

Type  : Slow 1200mV 85C Model Setup 'clk_25'
Slack : 22.479
TNS   : 0.000

Type  : Slow 1200mV 85C Model Hold 'clk_25'
Slack : 0.356
TNS   : 0.000

Type  : Slow 1200mV 85C Model Hold 'clk_50_port'
Slack : 1.188
TNS   : 0.000

Type  : Slow 1200mV 85C Model Minimum Pulse Width 'clk_50_port'
Slack : 9.733
TNS   : 0.000

Type  : Slow 1200mV 85C Model Minimum Pulse Width 'clk_25'
Slack : 19.657
TNS   : 0.000

Type  : Slow 1200mV 0C Model Setup 'clk_50_port'
Slack : 18.354
TNS   : 0.000

Type  : Slow 1200mV 0C Model Setup 'clk_25'
Slack : 23.916
TNS   : 0.000

Type  : Slow 1200mV 0C Model Hold 'clk_25'
Slack : 0.352
TNS   : 0.000

Type  : Slow 1200mV 0C Model Hold 'clk_50_port'
Slack : 1.112
TNS   : 0.000

Type  : Slow 1200mV 0C Model Minimum Pulse Width 'clk_50_port'
Slack : 9.639
TNS   : 0.000

Type  : Slow 1200mV 0C Model Minimum Pulse Width 'clk_25'
Slack : 19.726
TNS   : 0.000

Type  : Fast 1200mV 0C Model Setup 'clk_50_port'
Slack : 19.058
TNS   : 0.000

Type  : Fast 1200mV 0C Model Setup 'clk_25'
Slack : 31.070
TNS   : 0.000

Type  : Fast 1200mV 0C Model Hold 'clk_25'
Slack : 0.146
TNS   : 0.000

Type  : Fast 1200mV 0C Model Hold 'clk_50_port'
Slack : 0.624
TNS   : 0.000

Type  : Fast 1200mV 0C Model Minimum Pulse Width 'clk_50_port'
Slack : 9.432
TNS   : 0.000

Type  : Fast 1200mV 0C Model Minimum Pulse Width 'clk_25'
Slack : 19.648
TNS   : 0.000

------------------------------------------------------------
