------------------------------------------------------------
TimeQuest Timing Analyzer Summary
------------------------------------------------------------

Type  : Slow 1200mV 85C Model Setup 'clk_50_port'
Slack : 18.654
TNS   : 0.000

Type  : Slow 1200mV 85C Model Setup 'clk_25'
Slack : 21.599
TNS   : 0.000

Type  : Slow 1200mV 85C Model Hold 'clk_25'
Slack : 0.306
TNS   : 0.000

Type  : Slow 1200mV 85C Model Hold 'clk_50_port'
Slack : 0.677
TNS   : 0.000

Type  : Slow 1200mV 85C Model Minimum Pulse Width 'clk_50_port'
Slack : 9.723
TNS   : 0.000

Type  : Slow 1200mV 85C Model Minimum Pulse Width 'clk_25'
Slack : 19.670
TNS   : 0.000

Type  : Slow 1200mV 0C Model Setup 'clk_50_port'
Slack : 18.800
TNS   : 0.000

Type  : Slow 1200mV 0C Model Setup 'clk_25'
Slack : 23.125
TNS   : 0.000

Type  : Slow 1200mV 0C Model Hold 'clk_25'
Slack : 0.319
TNS   : 0.000

Type  : Slow 1200mV 0C Model Hold 'clk_50_port'
Slack : 0.574
TNS   : 0.000

Type  : Slow 1200mV 0C Model Minimum Pulse Width 'clk_50_port'
Slack : 9.724
TNS   : 0.000

Type  : Slow 1200mV 0C Model Minimum Pulse Width 'clk_25'
Slack : 19.685
TNS   : 0.000

Type  : Fast 1200mV 0C Model Setup 'clk_50_port'
Slack : 19.355
TNS   : 0.000

Type  : Fast 1200mV 0C Model Setup 'clk_25'
Slack : 30.751
TNS   : 0.000

Type  : Fast 1200mV 0C Model Hold 'clk_25'
Slack : 0.112
TNS   : 0.000

Type  : Fast 1200mV 0C Model Hold 'clk_50_port'
Slack : 0.281
TNS   : 0.000

Type  : Fast 1200mV 0C Model Minimum Pulse Width 'clk_50_port'
Slack : 9.458
TNS   : 0.000

Type  : Fast 1200mV 0C Model Minimum Pulse Width 'clk_25'
Slack : 19.711
TNS   : 0.000

------------------------------------------------------------
